// Jest Snapshot v1, https://goo.gl/fbAQLP

exports[`matches snapshot 1`] = `
<DocumentFragment>
  <div
    class="Coin"
  >
    <img
      class=" "
      data-testid="coin"
    />
  </div>
</DocumentFragment>
`;
